[personal.osim.az/result/649931/304b3416-cf5a-47ee-816c-554794bdfcab.html]
[backblue.gif]
[fade.gif]
[index.html]
[personal.osim.az/assets/favicon/android-icon-192x192.png]
[personal.osim.az/assets/favicon/favicon-32x32.png]
[personal.osim.az/assets/favicon/favicon-96x96.png]
[personal.osim.az/assets/favicon/favicon-16x16.png]
[personal.osim.az/assets/css/resultcc59.css]
[personal.osim.az/answer-sheets/2025/05/20250518/649931.jpg]
[personal.osim.az/question-data/images/exam-answers/2025/05/20250518/649931-299834.jpg]
[personal.osim.az/question-data/images/exam-answers/2025/05/20250518/EMPTY-649931-299839.jpg]
[personal.osim.az/question-data/images/exam-answers/2025/05/20250518/EMPTY-649931-299877.jpg]
[personal.osim.az/question-data/images/exam-answers/2025/05/20250518/EMPTY-649931-300796.jpg]
[personal.osim.az/question-data/images/exam-answers/2025/05/20250518/EMPTY-649931-300812.jpg]
[personal.osim.az/question-data/images/exam-answers/2025/05/20250518/EMPTY-649931-300830.jpg]
[personal.osim.az/question-data/images/exam-answers/2025/05/20250518/649931-300484.jpg]
[personal.osim.az/question-data/images/exam-answers/2025/05/20250518/EMPTY-649931-300474.jpg]
[personal.osim.az/question-data/images/exam-answers/2025/05/20250518/649931-300496.jpg]
[personal.osim.az/result/649931/304b3416-cf5a-47ee-816c-554794bdfcab.html]
[personal.osim.az/assets/images/logo-mqm-bg.png]
[personal.osim.az/assets/css/resultcc59.css]
[cdn.jsdelivr.net/npm/mathjax@3/es5/tex-mml-chtml.js]
